00:00 +0: loading C:/Users/jhon1/Desktop/gestion de proyectos/Nueva carpeta/agro_clima/test/core/constants/app_strings_test.dart
00:00 +0: C:/Users/jhon1/Desktop/gestion de proyectos/Nueva carpeta/agro_clima/test/core/constants/app_strings_test.dart: AppStrings ÔÇö AGRO-42: lenguaje campesino appName contiene el nombre de la app
00:00 +1: C:/Users/jhon1/Desktop/gestion de proyectos/Nueva carpeta/agro_clima/test/core/constants/app_strings_test.dart: AppStrings ÔÇö AGRO-42: lenguaje campesino saludo usa lenguaje campesino (compadre)
00:00 +2: C:/Users/jhon1/Desktop/gestion de proyectos/Nueva carpeta/agro_clima/test/core/constants/app_strings_test.dart: AppStrings ÔÇö AGRO-42: lenguaje campesino strings de riesgo tienen iconos visuales
00:00 +3: C:/Users/jhon1/Desktop/gestion de proyectos/Nueva carpeta/agro_clima/test/core/constants/app_strings_test.dart: AppStrings ÔÇö AGRO-42: lenguaje campesino strings de fumigaci├│n son descriptivos
00:00 +4: C:/Users/jhon1/Desktop/gestion de proyectos/Nueva carpeta/agro_clima/test/core/constants/app_strings_test.dart: AppStrings ÔÇö AGRO-42: lenguaje campesino ning├║n string cr├¡tico est├í vac├¡o
00:00 +5: C:/Users/jhon1/Desktop/gestion de proyectos/Nueva carpeta/agro_clima/test/core/constants/app_strings_test.dart: AppStrings ÔÇö AGRO-42: lenguaje campesino mejorHora sugiere horario de madrugada o tarde
00:00 +6: C:/Users/jhon1/Desktop/gestion de proyectos/Nueva carpeta/agro_clima/test/core/errors/failures_test.dart: Failures ÔÇö AGRO-30 ServerFailure guarda el mensaje correctamente
00:00 +7: C:/Users/jhon1/Desktop/gestion de proyectos/Nueva carpeta/agro_clima/test/core/errors/failures_test.dart: Failures ÔÇö AGRO-30 CacheFailure guarda el mensaje correctamente
00:00 +8: C:/Users/jhon1/Desktop/gestion de proyectos/Nueva carpeta/agro_clima/test/core/errors/failures_test.dart: Failures ÔÇö AGRO-30 NetworkFailure guarda el mensaje correctamente
00:00 +9: C:/Users/jhon1/Desktop/gestion de proyectos/Nueva carpeta/agro_clima/test/core/errors/failures_test.dart: Failures ÔÇö AGRO-30 InputFailure guarda el mensaje correctamente
00:00 +10: C:/Users/jhon1/Desktop/gestion de proyectos/Nueva carpeta/agro_clima/test/core/errors/failures_test.dart: Failures ÔÇö AGRO-30 ServerFailure con mismo mensaje son iguales (Equatable)
00:00 +11: C:/Users/jhon1/Desktop/gestion de proyectos/Nueva carpeta/agro_clima/test/core/errors/failures_test.dart: Failures ÔÇö AGRO-30 Failures con distinto mensaje son diferentes
00:00 +12: C:/Users/jhon1/Desktop/gestion de proyectos/Nueva carpeta/agro_clima/test/core/errors/failures_test.dart: Failures ÔÇö AGRO-30 ServerException guarda el mensaje
00:00 +13: C:/Users/jhon1/Desktop/gestion de proyectos/Nueva carpeta/agro_clima/test/core/errors/failures_test.dart: Failures ÔÇö AGRO-30 CacheException guarda el mensaje
00:00 +14: C:/Users/jhon1/Desktop/gestion de proyectos/Nueva carpeta/agro_clima/test/core/errors/failures_test.dart: NetworkInfoImpl ÔÇö AGRO-30 isConnected devuelve true por defecto
00:01 +15: C:/Users/jhon1/Desktop/gestion de proyectos/Nueva carpeta/agro_clima/test/core/services/notification_service_test.dart: showFrostAlert should call show on plugin
00:02 +16: C:/Users/jhon1/Desktop/gestion de proyectos/Nueva carpeta/agro_clima/test/features/calendario/presentation/calendario_bloc_test.dart: initial state should be CalendarioInitial
00:02 +17: C:/Users/jhon1/Desktop/gestion de proyectos/Nueva carpeta/agro_clima/test/features/calendario/presentation/calendario_bloc_test.dart: should emit [Loading, Loaded] when LoadCalendarioEvent is successful
00:02 +18: C:/Users/jhon1/Desktop/gestion de proyectos/Nueva carpeta/agro_clima/test/features/cultivos/presentation/cultivos_bloc_test.dart: estado inicial debe ser CultivosInitial
00:02 +19: C:/Users/jhon1/Desktop/gestion de proyectos/Nueva carpeta/agro_clima/test/features/cultivos/presentation/cultivos_bloc_test.dart: LoadAllCropsEvent ÔÇö AGRO-34 emite [Loading, Loaded] cuando el repositorio devuelve cultivos
00:02 +20: C:/Users/jhon1/Desktop/gestion de proyectos/Nueva carpeta/agro_clima/test/features/cultivos/presentation/cultivos_bloc_test.dart: LoadAllCropsEvent ÔÇö AGRO-34 emite [Loading, Error] cuando getAllCrops falla
00:02 +21: C:/Users/jhon1/Desktop/gestion de proyectos/Nueva carpeta/agro_clima/test/features/cultivos/presentation/cultivos_bloc_test.dart: ToggleCropEvent ÔÇö AGRO-34 despu├®s de toggle recarga la lista
00:02 +22: C:/Users/jhon1/Desktop/gestion de proyectos/Nueva carpeta/agro_clima/test/features/cultivos/presentation/cultivos_bloc_test.dart: ToggleCropEvent ÔÇö AGRO-34 emite Error cuando toggleCropStatus falla
00:03 +23: C:/Users/jhon1/Desktop/gestion de proyectos/Nueva carpeta/agro_clima/test/features/finca/presentation/finca_bloc_test.dart: (setUpAll)
00:03 +23: C:/Users/jhon1/Desktop/gestion de proyectos/Nueva carpeta/agro_clima/test/features/finca/presentation/finca_bloc_test.dart: estado inicial debe ser FincaInitial
00:03 +24: C:/Users/jhon1/Desktop/gestion de proyectos/Nueva carpeta/agro_clima/test/features/finca/presentation/finca_bloc_test.dart: LoadFincaEvent ÔÇö AGRO-15 emite [Loading, Loaded] cuando existe una finca guardada
00:03 +25: C:/Users/jhon1/Desktop/gestion de proyectos/Nueva carpeta/agro_clima/test/features/finca/presentation/finca_bloc_test.dart: LoadFincaEvent ÔÇö AGRO-15 emite [Loading, Empty] cuando no hay finca guardada
00:03 +26: C:/Users/jhon1/Desktop/gestion de proyectos/Nueva carpeta/agro_clima/test/features/finca/presentation/finca_bloc_test.dart: LoadFincaEvent ÔÇö AGRO-15 emite [Loading, Error] cuando falla la carga
00:03 +27: C:/Users/jhon1/Desktop/gestion de proyectos/Nueva carpeta/agro_clima/test/features/finca/presentation/finca_bloc_test.dart: SaveFincaEvent ÔÇö AGRO-15 emite [Loading, Saved, Loaded] al guardar correctamente
00:03 +28: C:/Users/jhon1/Desktop/gestion de proyectos/Nueva carpeta/agro_clima/test/features/finca/presentation/finca_bloc_test.dart: SaveFincaEvent ÔÇö AGRO-15 emite [Loading, Error] cuando falla el guardado
00:03 +29: C:/Users/jhon1/Desktop/gestion de proyectos/Nueva carpeta/agro_clima/test/features/finca/presentation/finca_bloc_test.dart: DeleteFincaEvent ÔÇö AGRO-15 emite [Loading, Empty] al eliminar correctamente
00:03 +30: C:/Users/jhon1/Desktop/gestion de proyectos/Nueva carpeta/agro_clima/test/features/finca/presentation/finca_bloc_test.dart: DeleteFincaEvent ÔÇö AGRO-15 emite [Loading, Error] cuando falla la eliminaci├│n
00:03 +31: C:/Users/jhon1/Desktop/gestion de proyectos/Nueva carpeta/agro_clima/test/features/finca/presentation/finca_bloc_test.dart: (tearDownAll)
00:04 +31: C:/Users/jhon1/Desktop/gestion de proyectos/Nueva carpeta/agro_clima/test/features/historial/data/historial_local_datasource_test.dart: (setUpAll)
00:04 +31: C:/Users/jhon1/Desktop/gestion de proyectos/Nueva carpeta/agro_clima/test/features/historial/data/historial_local_datasource_test.dart: should save and retrieve historial registro
00:04 +32: C:/Users/jhon1/Desktop/gestion de proyectos/Nueva carpeta/agro_clima/test/features/historial/data/historial_local_datasource_test.dart: (tearDownAll)
00:04 +32: C:/Users/jhon1/Desktop/gestion de proyectos/Nueva carpeta/agro_clima/test/features/historial/presentation/historial_bloc_test.dart: initial state should be HistorialInitial
00:04 +33: C:/Users/jhon1/Desktop/gestion de proyectos/Nueva carpeta/agro_clima/test/features/historial/presentation/historial_bloc_test.dart: should emit [Loading, Loaded] when LoadHistorialEvent is successful
00:04 +34: C:/Users/jhon1/Desktop/gestion de proyectos/Nueva carpeta/agro_clima/test/features/historial/presentation/historial_bloc_test.dart: should emit [Loading, Error] when LoadHistorialEvent fails
00:05 +35: C:/Users/jhon1/Desktop/gestion de proyectos/Nueva carpeta/agro_clima/test/features/pronostico/presentation/weather_bloc_test.dart: (setUpAll)
00:05 +35: C:/Users/jhon1/Desktop/gestion de proyectos/Nueva carpeta/agro_clima/test/features/pronostico/presentation/weather_bloc_test.dart: estado inicial debe ser WeatherInitial
00:05 +36: C:/Users/jhon1/Desktop/gestion de proyectos/Nueva carpeta/agro_clima/test/features/pronostico/presentation/weather_bloc_test.dart: FetchForecastEvent emite [Loading, Loaded] cuando el pron├│stico es exitoso
00:05 +36 -1: C:/Users/jhon1/Desktop/gestion de proyectos/Nueva carpeta/agro_clima/test/features/pronostico/presentation/weather_bloc_test.dart: FetchForecastEvent emite [Loading, Loaded] cuando el pron├│stico es exitoso [E]
  Expected: [
              WeatherLoading:WeatherLoading(),
              WeatherLoaded:WeatherLoaded(WeatherForecast(Pasto, [WeatherDay(2025-05-01 00:00:00.000, 5.0, 15.0, 30.0, 10.0)], 2025-05-01 00:00:00.000), false)
            ]
    Actual: [
              WeatherLoading:WeatherLoading(),
              WeatherLoaded:WeatherLoaded(WeatherForecast(Pasto, [WeatherDay(2025-05-01 00:00:00.000, 5.0, 15.0, 30.0, 10.0)], 2025-05-01 00:00:00.000), true)
            ]
     Which: at location [1] is WeatherLoaded:<WeatherLoaded(WeatherForecast(Pasto, [WeatherDay(2025-05-01 00:00:00.000, 5.0, 15.0, 30.0, 10.0)], 2025-05-01 00:00:00.000), true)> instead of WeatherLoaded:<WeatherLoaded(WeatherForecast(Pasto, [WeatherDay(2025-05-01 00:00:00.000, 5.0, 15.0, 30.0, 10.0)], 2025-05-01 00:00:00.000), false)>
  
  ==== diff ========================================
  
  [90m[WeatherLoading(), WeatherLoaded(WeatherForecast(Pasto, [WeatherDay(2025-05-01 00:00:00.000, 5.0, 15.0, 30.0, 10.0)], 2025-05-01 00:00:00.000), [0m[31m[-fals-][0m[32m{+tru+}[0m[90me)][0m
  
  ==== end diff ====================================
  
  package:bloc_test/src/bloc_test.dart 226:11  testBloc.<fn>
  ===== asynchronous gap ===========================
  dart:async                                   _Completer.completeError
  package:bloc_test/src/bloc_test.dart 257:43  _runZonedGuarded.<fn>
  ===== asynchronous gap ===========================
  dart:async                                   _CustomZone.registerBinaryCallback
  package:bloc_test/src/bloc_test.dart 254:5   _runZonedGuarded.<fn>
  dart:async                                   runZonedGuarded
  package:bloc_test/src/bloc_test.dart 253:3   _runZonedGuarded
  package:bloc_test/src/bloc_test.dart 200:11  testBloc
  package:bloc_test/src/bloc_test.dart 156:13  blocTest.<fn>
  
00:05 +36 -1: C:/Users/jhon1/Desktop/gestion de proyectos/Nueva carpeta/agro_clima/test/features/pronostico/presentation/weather_bloc_test.dart: FetchForecastEvent emite [Loading, Error] cuando el repositorio falla
00:05 +37 -1: C:/Users/jhon1/Desktop/gestion de proyectos/Nueva carpeta/agro_clima/test/features/pronostico/presentation/weather_bloc_test.dart: (tearDownAll)
00:05 +37 -1: C:/Users/jhon1/Desktop/gestion de proyectos/Nueva carpeta/agro_clima/test/features/usuario/presentation/usuario_bloc_test.dart: estado inicial debe ser UsuarioInitial
00:05 +38 -1: C:/Users/jhon1/Desktop/gestion de proyectos/Nueva carpeta/agro_clima/test/features/usuario/presentation/usuario_bloc_test.dart: LoadUsuarioEvent ÔÇö AGRO-15 emite [Loading, Loaded] cuando existe un usuario guardado
00:05 +39 -1: C:/Users/jhon1/Desktop/gestion de proyectos/Nueva carpeta/agro_clima/test/features/usuario/presentation/usuario_bloc_test.dart: LoadUsuarioEvent ÔÇö AGRO-15 emite [Loading, Empty] cuando no hay usuario guardado
00:05 +40 -1: C:/Users/jhon1/Desktop/gestion de proyectos/Nueva carpeta/agro_clima/test/features/usuario/presentation/usuario_bloc_test.dart: LoadUsuarioEvent ÔÇö AGRO-15 emite [Loading, Error] cuando falla la carga
00:05 +41 -1: C:/Users/jhon1/Desktop/gestion de proyectos/Nueva carpeta/agro_clima/test/features/usuario/presentation/usuario_bloc_test.dart: RegisterUsuarioEvent ÔÇö AGRO-15 emite [Loading, Saved, Loaded] cuando el registro es exitoso
00:05 +42 -1: C:/Users/jhon1/Desktop/gestion de proyectos/Nueva carpeta/agro_clima/test/features/usuario/presentation/usuario_bloc_test.dart: RegisterUsuarioEvent ÔÇö AGRO-15 emite [Loading, Error] cuando el registro falla
00:05 +43 -1: C:/Users/jhon1/Desktop/gestion de proyectos/Nueva carpeta/agro_clima/test/features/usuario/presentation/usuario_bloc_test.dart: LoginUsuarioEvent ÔÇö AGRO-15 emite [Loading, Saved, Loaded] cuando el login es exitoso
00:05 +44 -1: C:/Users/jhon1/Desktop/gestion de proyectos/Nueva carpeta/agro_clima/test/features/usuario/presentation/usuario_bloc_test.dart: LoginUsuarioEvent ÔÇö AGRO-15 emite [Loading, Error] cuando las credenciales son incorrectas
00:05 +45 -1: C:/Users/jhon1/Desktop/gestion de proyectos/Nueva carpeta/agro_clima/test/features/usuario/presentation/usuario_bloc_test.dart: DeleteUsuarioEvent ÔÇö AGRO-15 emite [Loading, Empty] al eliminar el usuario
00:05 +46 -1: C:/Users/jhon1/Desktop/gestion de proyectos/Nueva carpeta/agro_clima/test/finca_sqlite_datasource_test.dart: (setUpAll)
00:06 +46 -1: C:/Users/jhon1/Desktop/gestion de proyectos/Nueva carpeta/agro_clima/test/finca_sqlite_datasource_test.dart: FincaSQLiteDataSource loadFinca retorna null cuando la BD est├í vac├¡a
00:06 +47 -1: C:/Users/jhon1/Desktop/gestion de proyectos/Nueva carpeta/agro_clima/test/finca_sqlite_datasource_test.dart: FincaSQLiteDataSource saveFinca guarda y loadFinca recupera correctamente
00:06 +48 -1: C:/Users/jhon1/Desktop/gestion de proyectos/Nueva carpeta/agro_clima/test/finca_sqlite_datasource_test.dart: FincaSQLiteDataSource deleteFinca elimina el registro
00:06 +49 -1: C:/Users/jhon1/Desktop/gestion de proyectos/Nueva carpeta/agro_clima/test/finca_sqlite_datasource_test.dart: (tearDownAll)
00:06 +49 -1: C:/Users/jhon1/Desktop/gestion de proyectos/Nueva carpeta/agro_clima/test/frost_decision_tree_test.dart: FrostDecisionTree ÔÇö Riesgo ALTO Temp muy baja + altitud alta ÔåÆ ALTO
00:06 +50 -1: C:/Users/jhon1/Desktop/gestion de proyectos/Nueva carpeta/agro_clima/test/frost_decision_tree_test.dart: FrostDecisionTree ÔÇö Riesgo ALTO Temperatura bajo cero siempre da ALTO
00:06 +51 -1: C:/Users/jhon1/Desktop/gestion de proyectos/Nueva carpeta/agro_clima/test/frost_decision_tree_test.dart: FrostDecisionTree ÔÇö Riesgo MEDIO Temp baja + altitud alta ÔåÆ MEDIO
00:06 +52 -1: C:/Users/jhon1/Desktop/gestion de proyectos/Nueva carpeta/agro_clima/test/frost_decision_tree_test.dart: FrostDecisionTree ÔÇö Riesgo BAJO Temp alta + altitud baja ÔåÆ BAJO
00:06 +53 -1: C:/Users/jhon1/Desktop/gestion de proyectos/Nueva carpeta/agro_clima/test/frost_decision_tree_test.dart: FrostDecisionTree ÔÇö Riesgo BAJO La Uni├│n (altitud baja) con temp normal ÔåÆ BAJO
00:06 +54 -1: C:/Users/jhon1/Desktop/gestion de proyectos/Nueva carpeta/agro_clima/test/frost_decision_tree_test.dart: FrostDecisionTree ÔÇö Confianza La confianza est├í en rango 0.60ÔÇô0.98
00:06 +55 -1: C:/Users/jhon1/Desktop/gestion de proyectos/Nueva carpeta/agro_clima/test/frost_decision_tree_test.dart: FrostDecisionTree ÔÇö Recomendaci├│n campesina Riesgo ALTO incluye "ALERTA ROJA"
00:06 +56 -1: C:/Users/jhon1/Desktop/gestion de proyectos/Nueva carpeta/agro_clima/test/frost_decision_tree_test.dart: FrostDecisionTree ÔÇö Recomendaci├│n campesina Riesgo BAJO incluye mensaje positivo
00:06 +57 -1: C:/Users/jhon1/Desktop/gestion de proyectos/Nueva carpeta/agro_clima/test/frost_decision_tree_test.dart: FrostDecisionTree ÔÇö Factores detectados Temperatura muy baja aparece como factor
00:06 +58 -1: C:/Users/jhon1/Desktop/gestion de proyectos/Nueva carpeta/agro_clima/test/frost_decision_tree_test.dart: FrostDecisionTree ÔÇö Factores detectados Condiciones normales ÔåÆ "Condiciones t├®rmicas normales"
00:06 +58 -2: C:/Users/jhon1/Desktop/gestion de proyectos/Nueva carpeta/agro_clima/test/frost_decision_tree_test.dart: FrostDecisionTree ÔÇö Factores detectados Condiciones normales ÔåÆ "Condiciones t├®rmicas normales" [E]
  Expected: contains 't├®rmicas'
    Actual: 'Viento moderado ÔÇö Ayuda a mitigar la helada radiativa'
     Which: does not contain 't├®rmicas'
  
  package:matcher                                     expect
  package:flutter_test/src/widget_tester.dart 474:18  expect
  test\frost_decision_tree_test.dart 145:7            main.<fn>.<fn>
  
00:07 +58 -2: C:/Users/jhon1/Desktop/gestion de proyectos/Nueva carpeta/agro_clima/test/registro_finca_page_test.dart: RegistroFincaPage ÔÇö validaci├│n de formulario Paso 0: muestra error si nombre de finca est├í vac├¡o
00:07 +59 -2: C:/Users/jhon1/Desktop/gestion de proyectos/Nueva carpeta/agro_clima/test/registro_finca_page_test.dart: RegistroFincaPage ÔÇö validaci├│n de formulario Paso 0: muestra error si nombre de finca est├í vac├¡o
00:07 +60 -2: C:/Users/jhon1/Desktop/gestion de proyectos/Nueva carpeta/agro_clima/test/registro_finca_page_test.dart: RegistroFincaPage ÔÇö validaci├│n de formulario Paso 0: muestra error si nombre de finca est├í vac├¡o
00:07 +61 -2: C:/Users/jhon1/Desktop/gestion de proyectos/Nueva carpeta/agro_clima/test/registro_finca_page_test.dart: RegistroFincaPage ÔÇö validaci├│n de formulario Paso 0: muestra error si nombre de finca est├í vac├¡o
00:07 +62 -2: C:/Users/jhon1/Desktop/gestion de proyectos/Nueva carpeta/agro_clima/test/registro_finca_page_test.dart: RegistroFincaPage ÔÇö validaci├│n de formulario Paso 0: muestra error si nombre de finca est├í vac├¡o
00:07 +63 -2: C:/Users/jhon1/Desktop/gestion de proyectos/Nueva carpeta/agro_clima/test/registro_finca_page_test.dart: RegistroFincaPage ÔÇö validaci├│n de formulario Paso 0: muestra error si nombre de finca est├í vac├¡o
00:08 +64 -2: C:/Users/jhon1/Desktop/gestion de proyectos/Nueva carpeta/agro_clima/test/registro_finca_page_test.dart: RegistroFincaPage ÔÇö validaci├│n de formulario Paso 0: avanza al paso 1 con datos v├ílidos
00:08 +65 -2: C:/Users/jhon1/Desktop/gestion de proyectos/Nueva carpeta/agro_clima/test/registro_finca_page_test.dart: RegistroFincaPage ÔÇö validaci├│n de formulario Paso 1 ÔåÆ 2: bot├│n Siguiente avanza al paso 2 (riego)
00:08 +66 -2: C:/Users/jhon1/Desktop/gestion de proyectos/Nueva carpeta/agro_clima/test/registro_finca_page_test.dart: RegistroFincaPage ÔÇö navegaci├│n atr├ís Bot├│n Atr├ís en paso 1 regresa al paso 0
00:09 +67 -2: Some tests failed.
